ABILA@nathan MINGW64 ~
$ git --version
git version 2.43.0.windows.1

ABILA@nathan MINGW64 ~
$ cd C:/Users/ABILA/OneDrive/Desktop/NucampFolder/Python/3-DevOps

ABILA@nathan MINGW64 ~/OneDrive/Desktop/NucampFolder/Python/3-DevOps
$ mkdir week1

ABILA@nathan MINGW64 ~/OneDrive/Desktop/NucampFolder/Python/3-DevOps
$ cd week1

ABILA@nathan MINGW64 ~/OneDrive/Desktop/NucampFolder/Python/3-DevOps/week1
$ mkdir github_noncollab

ABILA@nathan MINGW64 ~/OneDrive/Desktop/NucampFolder/Python/3-DevOps/week1
$ cd github_noncollab

ABILA@nathan MINGW64 ~/OneDrive/Desktop/NucampFolder/Python/3-DevOps/week1/github_noncollab
$ pwd
/c/Users/ABILA/OneDrive/Desktop/NucampFolder/Python/3-DevOps/week1/github_noncollab

ABILA@nathan MINGW64 ~/OneDrive/Desktop/NucampFolder/Python/3-DevOps/week1/github_noncollab
$ echo "# GH_noncollab" >> README.md

ABILA@nathan MINGW64 ~/OneDrive/Desktop/NucampFolder/Python/3-DevOps/week1/github_noncollab
$ ls
README.md

ABILA@nathan MINGW64 ~/OneDrive/Desktop/NucampFolder/Python/3-DevOps/week1/github_noncollab
$ cat readme.md
# GH_noncollab

ABILA@nathan MINGW64 ~/OneDrive/Desktop/NucampFolder/Python/3-DevOps/week1/github_noncollab
$ git init
Initialized empty Git repository in C:/Users/ABILA/OneDrive/Desktop/NucampFolder/Python/3-DevOps/week1/github_noncollab/.git/

ABILA@nathan MINGW64 ~/OneDrive/Desktop/NucampFolder/Python/3-DevOps/week1/github_noncollab (master)
$ git add README.MD

ABILA@nathan MINGW64 ~/OneDrive/Desktop/NucampFolder/Python/3-DevOps/week1/github_noncollab (master)
$ ls
README.md

ABILA@nathan MINGW64 ~/OneDrive/Desktop/NucampFolder/Python/3-DevOps/week1/github_noncollab (master)
$ cat readme.md
# GH_noncollab

ABILA@nathan MINGW64 ~/OneDrive/Desktop/NucampFolder/Python/3-DevOps/week1/github_noncollab (master)
$ git commit -m "first commit"
Author identity unknown

*** Please tell me who you are.

Run

  git config --global user.email "you@example.com"
  git config --global user.name "Your Name"

to set your account's default identity.
Omit --global to set the identity only in this repository.

fatal: unable to auto-detect email address (got 'ABILA@nathan.(none)')

ABILA@nathan MINGW64 ~/OneDrive/Desktop/NucampFolder/Python/3-DevOps/week1/github_noncollab (master)
$ got config --global user.email "abilakew@gmail.com"
bash: got: command not found

ABILA@nathan MINGW64 ~/OneDrive/Desktop/NucampFolder/Python/3-DevOps/week1/github_noncollab (master)
$ git config --global user.email "abilakew@gmail.com"

ABILA@nathan MINGW64 ~/OneDrive/Desktop/NucampFolder/Python/3-DevOps/week1/github_noncollab (master)
$ git config --global user.name "abilakew"

ABILA@nathan MINGW64 ~/OneDrive/Desktop/NucampFolder/Python/3-DevOps/week1/github_noncollab (master)
$ git commit -m "first commit"
On branch master

Initial commit

Untracked files:
  (use "git add <file>..." to include in what will be committed)
        README.md

nothing added to commit but untracked files present (use "git add" to track)

ABILA@nathan MINGW64 ~/OneDrive/Desktop/NucampFolder/Python/3-DevOps/week1/github_noncollab (master)
$ git add README.MD

ABILA@nathan MINGW64 ~/OneDrive/Desktop/NucampFolder/Python/3-DevOps/week1/github_noncollab (master)
$ git commit -m "first commit"
On branch master

Initial commit

Untracked files:
  (use "git add <file>..." to include in what will be committed)
        README.md

nothing added to commit but untracked files present (use "git add" to track)

ABILA@nathan MINGW64 ~/OneDrive/Desktop/NucampFolder/Python/3-DevOps/week1/github_noncollab (master)
$ git add README.MD

ABILA@nathan MINGW64 ~/OneDrive/Desktop/NucampFolder/Python/3-DevOps/week1/github_noncollab (master)
$ git commit -m "first commit"
On branch master

Initial commit

Untracked files:
  (use "git add <file>..." to include in what will be committed)
        README.md

nothing added to commit but untracked files present (use "git add" to track)

ABILA@nathan MINGW64 ~/OneDrive/Desktop/NucampFolder/Python/3-DevOps/week1/github_noncollab (master)
$ git commit -m "first commit"
On branch master

Initial commit

Untracked files:
  (use "git add <file>..." to include in what will be committed)
        README.md

nothing added to commit but untracked files present (use "git add" to track)

ABILA@nathan MINGW64 ~/OneDrive/Desktop/NucampFolder/Python/3-DevOps/week1/github_noncollab (master)
$ git config --user.email "abilakew@gmail.com"
error: unknown option `user.email'
usage: git config [<options>]

Config file location
    --[no-]global         use global config file
    --[no-]system         use system config file
    --[no-]local          use repository config file
    --[no-]worktree       use per-worktree config file
    -f, --[no-]file <file>
                          use given config file
    --[no-]blob <blob-id> read config from given blob object

Action
    --[no-]get            get value: name [value-pattern]
    --[no-]get-all        get all values: key [value-pattern]
    --[no-]get-regexp     get values for regexp: name-regex [value-pattern]
    --[no-]get-urlmatch   get value specific for the URL: section[.var] URL
    --[no-]replace-all    replace all matching variables: name value [value-pattern]
    --[no-]add            add a new variable: name value
    --[no-]unset          remove a variable: name [value-pattern]
    --[no-]unset-all      remove all matches: name [value-pattern]
    --[no-]rename-section rename section: old-name new-name
    --[no-]remove-section remove a section: name
    -l, --[no-]list       list all
    --[no-]fixed-value    use string equality when comparing values to 'value-pattern'
    -e, --[no-]edit       open an editor
    --[no-]get-color      find the color configured: slot [default]
    --[no-]get-colorbool  find the color setting: slot [stdout-is-tty]

Type
    -t, --[no-]type <type>
                          value is given this type
    --bool                value is "true" or "false"
    --int                 value is decimal number
    --bool-or-int         value is --bool or --int
    --bool-or-str         value is --bool or string
    --path                value is a path (file or directory name)
    --expiry-date         value is an expiry date

Other
    -z, --[no-]null       terminate values with NUL byte
    --[no-]name-only      show variable names only
    --[no-]includes       respect include directives on lookup
    --[no-]show-origin    show origin of config (file, standard input, blob, command line)
    --[no-]show-scope     show scope of config (worktree, local, global, system, command)
    --[no-]default <value>
                          with --get, use default value when missing entry


ABILA@nathan MINGW64 ~/OneDrive/Desktop/NucampFolder/Python/3-DevOps/week1/github_noncollab (master)
$ git config user.email "abilakew@gmail.com"

ABILA@nathan MINGW64 ~/OneDrive/Desktop/NucampFolder/Python/3-DevOps/week1/github_noncollab (master)
$ git config user.name "abilakew"

ABILA@nathan MINGW64 ~/OneDrive/Desktop/NucampFolder/Python/3-DevOps/week1/github_noncollab (master)
$ git add README.MD

ABILA@nathan MINGW64 ~/OneDrive/Desktop/NucampFolder/Python/3-DevOps/week1/github_noncollab (master)
$ git commit -m "first commit"
On branch master

Initial commit

Untracked files:
  (use "git add <file>..." to include in what will be committed)
        README.md

nothing added to commit but untracked files present (use "git add" to track)

ABILA@nathan MINGW64 ~/OneDrive/Desktop/NucampFolder/Python/3-DevOps/week1/github_noncollab (master)
$ echo "# GH_noncollab" >> README.md

ABILA@nathan MINGW64 ~/OneDrive/Desktop/NucampFolder/Python/3-DevOps/week1/github_noncollab (master)
$ git init
Reinitialized existing Git repository in C:/Users/ABILA/OneDrive/Desktop/NucampFolder/Python/3-DevOps/week1/github_noncollab/.git/

ABILA@nathan MINGW64 ~/OneDrive/Desktop/NucampFolder/Python/3-DevOps/week1/github_noncollab (master)
$ git add README.md
warning: in the working copy of 'README.md', LF will be replaced by CRLF the next time Git touches it

ABILA@nathan MINGW64 ~/OneDrive/Desktop/NucampFolder/Python/3-DevOps/week1/github_noncollab (master)
$ git commit -m "first commit"
[master (root-commit) 8dc2078] first commit
 1 file changed, 2 insertions(+)
 create mode 100644 README.md

ABILA@nathan MINGW64 ~/OneDrive/Desktop/NucampFolder/Python/3-DevOps/week1/github_noncollab (master)
$ git branch -m main

ABILA@nathan MINGW64 ~/OneDrive/Desktop/NucampFolder/Python/3-DevOps/week1/github_noncollab (main)
$ git add README.md

ABILA@nathan MINGW64 ~/OneDrive/Desktop/NucampFolder/Python/3-DevOps/week1/github_noncollab (main)
$ git commit -m "first commit"
On branch main
nothing to commit, working tree clean

ABILA@nathan MINGW64 ~/OneDrive/Desktop/NucampFolder/Python/3-DevOps/week1/github_noncollab (main)
$ echo "# GH_noncollab" >> README.md

ABILA@nathan MINGW64 ~/OneDrive/Desktop/NucampFolder/Python/3-DevOps/week1/github_noncollab (main)
$ git add README.md
warning: in the working copy of 'README.md', LF will be replaced by CRLF the next time Git touches it

ABILA@nathan MINGW64 ~/OneDrive/Desktop/NucampFolder/Python/3-DevOps/week1/github_noncollab (main)
$ git commit -m "first commit"
[main a554151] first commit
 1 file changed, 1 insertion(+)

ABILA@nathan MINGW64 ~/OneDrive/Desktop/NucampFolder/Python/3-DevOps/week1/github_noncollab (main)
$ git remote add origin https://github.com/abilakew/GH_noncollab.git

ABILA@nathan MINGW64 ~/OneDrive/Desktop/NucampFolder/Python/3-DevOps/week1/github_noncollab (main)
$ git push -u origin main
Enumerating objects: 6, done.
Counting objects: 100% (6/6), done.
Delta compression using up to 12 threads
Compressing objects: 100% (2/2), done.
Writing objects: 100% (6/6), 447 bytes | 447.00 KiB/s, done.
Total 6 (delta 0), reused 0 (delta 0), pack-reused 0
To https://github.com/abilakew/GH_noncollab.git
 * [new branch]      main -> main
branch 'main' set up to track 'origin/main'.

ABILA@nathan MINGW64 ~/OneDrive/Desktop/NucampFolder/Python/3-DevOps/week1/github_noncollab (main)
$ code .

ABILA@nathan MINGW64 ~/OneDrive/Desktop/NucampFolder/Python/3-DevOps/week1/github_noncollab (main)
$
